Radek
dodane
dośdane
dośądane
dośćdane
